// Jest Snapshot v1, https://goo.gl/fbAQLP

exports[`Token Registry Exchange Rates [MULTIHOP] can find a path from wsteth => wbtc 1`] = `14.042773512217744`;

exports[`Token Registry Exchange Rates can convert prime cash to fiat currency 1`] = `"Â¥139.40654500"`;

exports[`Token Registry Exchange Rates can note to fiat currency 1`] = `"$0.17436800"`;

exports[`Token Registry Exchange Rates can note to fiat currency 2`] = `"0.00009470 ETH"`;

exports[`Token Registry Exchange Rates can note to fiat currency 3`] = `"0.00000593 WBTC"`;

exports[`Token Registry Token Balance can convert prime cash to underlying tokens 1`] = `"1.00000119 ETH"`;
